<html>
<body>
<pre>
<h1>µVision Build Log</h1>
<h2>Tool Versions:</h2>
IDE-Version: ¦ÌVision V5.27.0.0
Copyright (C) 2018 ARM Ltd and ARM Germany GmbH. All rights reserved.
License Information: zxc zxc, zxc, LIC=CZLZX-H9TVC-VEWHA-10ZUK-XLR2V-4HC12
 
Tool Versions:
Toolchain:       MDK-ARM Plus  Version: 5.27.0.0
Toolchain Path:  E:\Pro Software\Keil_v5\ARM\ARMCC\Bin
C Compiler:      Armcc.exe V5.06 update 6 (build 750)
Assembler:       Armasm.exe V5.06 update 6 (build 750)
Linker/Locator:  ArmLink.exe V5.06 update 6 (build 750)
Library Manager: ArmAr.exe V5.06 update 6 (build 750)
Hex Converter:   FromElf.exe V5.06 update 6 (build 750)
CPU DLL:         SARMCM3.DLL V5.27.0.0
Dialog DLL:      DCM.DLL V1.17.2.0
Target DLL:      Segger\JL2CM3.dll V2.99.34.0
Dialog DLL:      TCM.DLL V1.36.1.0
 
<h2>Project:</h2>
D:\DE\2020_shuangqi\project\projectV200611\project\Keil\Project.uvprojx
Project File Date:  08/17/2020

<h2>Output:</h2>
*** Using Compiler 'V5.06 update 6 (build 750)', folder: 'E:\Pro Software\Keil_v5\ARM\ARMCC\Bin'
Rebuild target 'Actor13'
assembling startup_LPC43xx.s...
compiling lpc43xx_scu.c...
compiling lpc43xx_gpio.c...
compiling lpc43xx_timer.c...
compiling lpc43xx_cgu.c...
compiling system_LPC43xx.c...
compiling lpc43xx_uart.c...
compiling lpc43xx_ssp.c...
compiling lpc43xx_lcd.c...
assembling cpu_a.asm...
compiling cpu_c.c...
assembling os_cpu_a.asm...
compiling lpc43xx_gpdma.c...
compiling lpc43xx_adc.c...
compiling lpc43xx_mcpwm.c...
compiling os_dbg.c...
compiling os_cpu_c.c...
compiling os_flag.c...
compiling os_core.c...
compiling os_mem.c...
compiling os_mbox.c...
compiling os_mutex.c...
compiling os_sem.c...
compiling os_q.c...
compiling os_task.c...
compiling os_time.c...
compiling os_tmr.c...
compiling GUI_X.c...
compiling SIMConf.c...
compiling DataInterface.c...
compiling GUIConf.c...
compiling CodeConvert.c...
compiling LCDConf.c...
compiling FramewinDLG.c...
compiling WIN_Context.c...
compiling WIN_Tree.c...
compiling WIN.c...
compiling GUIDEMO_Start.c...
compiling WinMessage.c...
compiling winSKIN.c...
compiling GUI_main.c...
compiling WindowMain.c...
compiling datafigures.c...
compiling Retarget.c...
compiling bsp.c...
compiling main.c...
compiling ADC.c...
compiling DAC.c...
compiling LED.c...
compiling Handler.c...
compiling SPI.c...
compiling LCD.c...
compiling FLASH.c...
compiling dataCRC.c...
compiling USART_Conf.c...
compiling MLX90363.c...
compiling Encoder.c...
compiling Extern.c...
compiling test_UART0.c...
compiling torque.c...
compiling timer.c...
compiling hand.c...
compiling temperature.c...
compiling TIME.c...
compiling Error2x.c...
compiling Error3x.c...
compiling EEPROM.c...
compiling Error1x.c...
compiling 0420.c...
compiling Error0x.c...
compiling Error5x.c...
compiling Error4x.c...
compiling Error6x.c...
compiling WinWindow.c...
compiling states.c...
compiling cdcuser.c...
compiling serial.c...
compiling usbdesc.c...
compiling MODBUS.c...
compiling usbcore.c...
compiling usbuser.c...
compiling usbhw.c...
compiling COM_TORQUE.c...
compiling USB_main.c...
compiling SEGGER_RTT_printf.c...
compiling SEGGER_RTT.c...
linking...
.\Project.sct(9): warning: L6329W: Pattern cpu_c.o(RO) only matches removed unused sections.
.\Project.sct(17): warning: L6329W: Pattern os_mutex.o(RO) only matches removed unused sections.
Program Size: Code=303812 RO-data=552392 RW-data=48764 ZI-data=56420  
Finished: 0 information, 2 warning and 0 error messages.
FromELF: creating hex file...
After Build - User command #1: E:\Pro Software\Keil_v5\\ARM\BIN\ElfDwT.exe .\Flash\Project.axf BASEADDRESS(0x1A000000)
ELFDWT - Signature Creator V1.4.0.0
COPYRIGHT Copyright (C) 2014-2018, ARM Ldt. and  ARM Germany GmbH
*** Updated Signature over Range[32] (0x1A000000 - 0x1A000018): @0x1A00001C = 0x53FFA922
*** Processing completed, no Errors.
After Build - User command #2: fromelf --bin -o "D:\DE\2020_shuangqi\project\projectV200611\project\Keil\Flash\Project.bin" "D:\DE\2020_shuangqi\project\projectV200611\project\Keil\Flash\Project.axf"
".\Flash\Project.axf" - 0 Error(s), 2 Warning(s).

<h2>Software Packages used:</h2>

Package Vendor: ARM
                http://www.keil.com/pack/ARM.CMSIS.5.4.0.pack
                ARM.CMSIS.5.4.0
                CMSIS (Cortex Microcontroller Software Interface Standard)
   * Component: CORE Version: 5.1.2

Package Vendor: Keil
                http://www.keil.com/pack/Keil.LPC1800_DFP.2.9.0.pack
                Keil.LPC1800_DFP.2.9.0
                NXP LPC1800 Series Device Support, Drivers and Examples

<h2>Collection of Component include folders:</h2>
  .\RTE\_Actor13
  E:\Pro Software\Keil_v5\ARM\PACK\ARM\CMSIS\5.4.0\CMSIS\Core\Include
  E:\Pro Software\Keil_v5\ARM\PACK\Keil\LPC1800_DFP\2.9.0\Device\Include

<h2>Collection of Component Files used:</h2>

   * Component: ARM::CMSIS:CORE:5.1.2
Build Time Elapsed:  00:00:05
</pre>
</body>
</html>
